[13:53:20] [ServerMain/INFO]: [bootstrap] Running Java 25 (OpenJDK 64-Bit Server VM 25.0.2+10-LTS; Eclipse Adoptium Temurin-25.0.2+10) on Windows 11 10.0 (amd64)
[13:53:20] [ServerMain/INFO]: [bootstrap] Loading Purpur 1.21.11-2566-HEAD@0fbf8d2 (2026-03-03T03:49:17Z) for Minecraft 1.21.11
[13:53:21] [ServerMain/INFO]: [PluginInitializerManager] Initializing plugins...
[13:53:22] [ServerMain/INFO]: [PluginInitializerManager] Initialized 12 plugins
[13:53:22] [ServerMain/INFO]: [PluginInitializerManager] Paper plugins (1):
 - HidePlugins (2.1)
[13:53:22] [ServerMain/INFO]: [PluginInitializerManager] Bukkit plugins (11):
 - AntiXray (2.0), Chunky (1.4.40), DiscordSRV (1.30.4), Essentials (2.22.0-dev+75-8e3b24f), EssentialsChat (2.22.0-dev+75-8e3b24f), Geyser-Spigot (2.9.5-SNAPSHOT), LuckPerms (5.5.42), SkinsRestorer (15.11.0), ViaBackwards (5.8.0), floodgate (2.2.5-SNAPSHOT (b131-869338c)), voicechat (2.6.14)
[13:53:25] [ServerMain/INFO]: Environment: Environment[sessionHost=https://sessionserver.mojang.com, servicesHost=https://api.minecraftservices.com, profilesHost=https://api.mojang.com, name=PROD]
[13:53:27] [ServerMain/INFO]: Loaded 1470 recipes
[13:53:27] [ServerMain/INFO]: Loaded 1584 advancements
[13:53:27] [ServerMain/INFO]: [ca.spottedleaf.dataconverter.minecraft.datatypes.MCTypeRegistry] Initialising converters for DataConverter...
[13:53:27] [ServerMain/INFO]: [ca.spottedleaf.dataconverter.minecraft.datatypes.MCTypeRegistry] Finished initialising converters for DataConverter in 261,7ms
[13:53:28] [Server thread/INFO]: Starting minecraft server version 1.21.11
[13:53:28] [Server thread/INFO]: Loading properties
[13:53:28] [Server thread/INFO]: This server is running Purpur version 1.21.11-2566-HEAD@0fbf8d2 (2026-03-03T03:49:17Z) (Implementing API version 1.21.11-R0.1-SNAPSHOT)
[13:53:28] [Server thread/INFO]: [spark] This server bundles the spark profiler. For more information please visit https://docs.papermc.io/paper/profiling
[13:53:28] [Server thread/INFO]: Server Ping Player Sample Count: 12
[13:53:28] [Server thread/INFO]: Using 4 threads for Netty based IO
[13:53:29] [Server thread/INFO]: [MoonriseCommon] Paper is using 2 worker threads, 1 I/O threads
[13:53:29] [Server thread/INFO]: Default game type: SURVIVAL
[13:53:29] [Server thread/INFO]: Generating keypair
[13:53:29] [Server thread/INFO]: Starting Minecraft server on *:25565
[13:53:29] [Server thread/INFO]: Paper: Using Java compression from Velocity.
[13:53:29] [Server thread/INFO]: Paper: Using Java cipher from Velocity.
[13:53:29] [Server thread/ERROR]: [ModernPluginLoadingStrategy] Could not load 'plugins\.paper-remapped\AntiXray-2.0.jar' in 'plugins\.paper-remapped'
org.bukkit.plugin.UnknownDependencyException: Unknown/missing dependency plugins: [ProtocolLib]. Please download and install these plugins to run 'AntiXray'.
	at io.papermc.paper.plugin.entrypoint.strategy.modern.ModernPluginLoadingStrategy.loadProviders(ModernPluginLoadingStrategy.java:82) ~[purpur-1.21.11.jar:1.21.11-2566-0fbf8d2]
	at io.papermc.paper.plugin.storage.SimpleProviderStorage.enter(SimpleProviderStorage.java:38) ~[purpur-1.21.11.jar:1.21.11-2566-0fbf8d2]
	at io.papermc.paper.plugin.entrypoint.LaunchEntryPointHandler.enter(LaunchEntryPointHandler.java:39) ~[purpur-1.21.11.jar:1.21.11-2566-0fbf8d2]
	at org.bukkit.craftbukkit.CraftServer.loadPlugins(CraftServer.java:569) ~[purpur-1.21.11.jar:1.21.11-2566-0fbf8d2]
	at net.minecraft.server.dedicated.DedicatedServer.initServer(DedicatedServer.java:363) ~[purpur-1.21.11.jar:1.21.11-2566-0fbf8d2]
	at net.minecraft.server.MinecraftServer.runServer(MinecraftServer.java:1268) ~[purpur-1.21.11.jar:1.21.11-2566-0fbf8d2]
	at net.minecraft.server.MinecraftServer.lambda$spin$2(MinecraftServer.java:392) ~[purpur-1.21.11.jar:1.21.11-2566-0fbf8d2]
	at java.base/java.lang.Thread.run(Thread.java:1474) ~[?:?]
[13:53:29] [Server thread/ERROR]: [ModernPluginLoadingStrategy] Could not load 'plugins\ViaBackwards-5.8.0.jar' in 'plugins'
org.bukkit.plugin.UnknownDependencyException: Unknown/missing dependency plugins: [ViaVersion]. Please download and install these plugins to run 'ViaBackwards'.
	at io.papermc.paper.plugin.entrypoint.strategy.modern.ModernPluginLoadingStrategy.loadProviders(ModernPluginLoadingStrategy.java:82) ~[purpur-1.21.11.jar:1.21.11-2566-0fbf8d2]
	at io.papermc.paper.plugin.storage.SimpleProviderStorage.enter(SimpleProviderStorage.java:38) ~[purpur-1.21.11.jar:1.21.11-2566-0fbf8d2]
	at io.papermc.paper.plugin.entrypoint.LaunchEntryPointHandler.enter(LaunchEntryPointHandler.java:39) ~[purpur-1.21.11.jar:1.21.11-2566-0fbf8d2]
	at org.bukkit.craftbukkit.CraftServer.loadPlugins(CraftServer.java:569) ~[purpur-1.21.11.jar:1.21.11-2566-0fbf8d2]
	at net.minecraft.server.dedicated.DedicatedServer.initServer(DedicatedServer.java:363) ~[purpur-1.21.11.jar:1.21.11-2566-0fbf8d2]
	at net.minecraft.server.MinecraftServer.runServer(MinecraftServer.java:1268) ~[purpur-1.21.11.jar:1.21.11-2566-0fbf8d2]
	at net.minecraft.server.MinecraftServer.lambda$spin$2(MinecraftServer.java:392) ~[purpur-1.21.11.jar:1.21.11-2566-0fbf8d2]
	at java.base/java.lang.Thread.run(Thread.java:1474) ~[?:?]
[13:53:30] [Server thread/INFO]: [LuckPerms] Loading server plugin LuckPerms v5.5.42
[13:53:30] [Server thread/INFO]: [LuckPerms] Loading configuration...
[13:53:30] [Server thread/INFO]: [floodgate] Loading server plugin floodgate v2.2.5-SNAPSHOT (b131-869338c)
[13:53:31] [Server thread/WARN]: [floodgate] en_ZA is not a supported Floodgate language.
[13:53:31] [Server thread/INFO]: [floodgate] Took 637ms to boot Floodgate
[13:53:31] [Server thread/INFO]: [Essentials] Loading server plugin Essentials v2.22.0-dev+75-8e3b24f
[13:53:31] [Server thread/INFO]: [voicechat] Loading server plugin voicechat v2.6.14
[13:53:31] [Server thread/INFO]: [SkinsRestorer] Loading server plugin SkinsRestorer v15.11.0
[13:53:31] [Server thread/INFO]: [HidePlugins] Loading server plugin HidePlugins v2.1
[13:53:31] [Server thread/INFO]: [Geyser-Spigot] Loading server plugin Geyser-Spigot v2.9.5-SNAPSHOT
[13:53:31] [Server thread/INFO]: [Geyser-Spigot] Loading extensions...
[13:53:31] [Server thread/INFO]: [Geyser-Spigot] Loaded 0 extension(s)
[13:53:31] [Server thread/INFO]: [EssentialsChat] Loading server plugin EssentialsChat v2.22.0-dev+75-8e3b24f
[13:53:31] [Server thread/INFO]: [DiscordSRV] Loading server plugin DiscordSRV v1.30.4
[13:53:31] [Server thread/INFO]: [Chunky] Loading server plugin Chunky v1.4.40
[13:53:31] [Server thread/INFO]: Server permissions file permissions.yml is empty, ignoring it
[13:53:31] [Server thread/INFO]: [LuckPerms] Enabling LuckPerms v5.5.42
[13:53:32] [Server thread/INFO]:         __    
[13:53:32] [Server thread/INFO]:   |    |__)   LuckPerms v5.5.42
[13:53:32] [Server thread/INFO]:   |___ |      Running on Bukkit - Purpur
[13:53:32] [Server thread/INFO]: 
[13:53:32] [Server thread/INFO]: [LuckPerms] Loading storage provider... [H2]
[13:53:32] [Server thread/INFO]: [LuckPerms] Loading internal permission managers...
[13:53:32] [Server thread/INFO]: [LuckPerms] Performing initial data load...
[13:53:32] [Server thread/INFO]: [LuckPerms] Successfully enabled. (took 923ms)
[13:53:32] [Server thread/INFO]: [SkinsRestorer] Enabling SkinsRestorer v15.11.0
[13:53:33] [Server thread/INFO]: [SkinsRestorer] Running on Minecraft 1.21.11.
[13:53:33] [Server thread/INFO]: [SkinsRestorer] Floodgate skin listener registered
[13:53:34] [Server thread/INFO]: [SkinsRestorer] Using paper join listener!
[13:53:34] [Server thread/WARN]: **** SERVER IS RUNNING IN OFFLINE/INSECURE MODE!
[13:53:34] [Server thread/WARN]: The server will make no attempt to authenticate usernames. Beware.
[13:53:34] [Server thread/WARN]: While this makes the game possible to play without internet access, it also opens up the ability for hackers to connect with any username they choose.
[13:53:34] [Server thread/WARN]: To change this, set "online-mode" to "true" in the server.properties file.
[13:53:34] [Server thread/INFO]: Preparing level "world"
[13:53:34] [Folia Async Scheduler Thread #1/INFO]: [SkinsRestorer] ----------------------------------------------
[13:53:34] [Folia Async Scheduler Thread #1/INFO]: [SkinsRestorer]     +==================+
[13:53:34] [Folia Async Scheduler Thread #1/INFO]: [SkinsRestorer]     |   SkinsRestorer  |
[13:53:34] [Folia Async Scheduler Thread #1/INFO]: [SkinsRestorer]     |------------------|
[13:53:34] [Folia Async Scheduler Thread #1/INFO]: [SkinsRestorer]     |  Standalone Mode |
[13:53:34] [Folia Async Scheduler Thread #1/INFO]: [SkinsRestorer]     +==================+
[13:53:34] [Folia Async Scheduler Thread #1/INFO]: [SkinsRestorer] ----------------------------------------------
[13:53:34] [Folia Async Scheduler Thread #1/INFO]: [SkinsRestorer]     Version: 15.11.0
[13:53:34] [Folia Async Scheduler Thread #1/INFO]: [SkinsRestorer]     Commit: 52f31ab
[13:53:34] [Folia Async Scheduler Thread #1/INFO]: [SkinsRestorer]     A new version (15.11.1) is available! Downloading update...
[13:53:34] [Folia Async Scheduler Thread #1/INFO]: [SkinsRestorer] ----------------------------------------------
[13:53:34] [Folia Async Scheduler Thread #1/INFO]: [SkinsRestorer] Do you have issues? Read our troubleshooting guide: https://skinsrestorer.net/docs/troubleshooting
[13:53:34] [Folia Async Scheduler Thread #1/INFO]: [SkinsRestorer] Want to support SkinsRestorer? Consider donating: https://skinsrestorer.net/donate
[13:53:34] [Folia Async Scheduler Thread #1/INFO]: [SkinsRestorer] [GitHubUpdate] Downloading update...
[13:53:34] [Server thread/INFO]: Loading 0 persistent chunks for world 'minecraft:overworld'...
[13:53:34] [Server thread/INFO]: Preparing spawn area: 100%
[13:53:34] [Server thread/INFO]: Prepared spawn area in 3 ms
[13:53:34] [Server thread/INFO]: Loading 0 persistent chunks for world 'minecraft:the_nether'...
[13:53:34] [Server thread/INFO]: Preparing spawn area: 100%
[13:53:34] [Server thread/INFO]: Prepared spawn area in 2 ms
[13:53:34] [Server thread/INFO]: Loading 0 persistent chunks for world 'minecraft:the_end'...
[13:53:34] [Server thread/INFO]: Prepared spawn area in 1 ms
[13:53:34] [Server thread/INFO]: Done preparing level "world" (0.724s)
[13:53:34] [Server thread/INFO]: [floodgate] Enabling floodgate v2.2.5-SNAPSHOT (b131-869338c)
[13:53:35] [Folia Async Scheduler Thread #1/INFO]: [SkinsRestorer] [GitHubUpdate] Downloaded update in 620ms
[13:53:35] [Folia Async Scheduler Thread #1/INFO]: [SkinsRestorer] [GitHubUpdate] Update saved as SkinsRestorer.jar
[13:53:35] [Folia Async Scheduler Thread #1/INFO]: [SkinsRestorer] [GitHubUpdate] The update will be loaded on the next server restart
[13:53:35] [Server thread/INFO]: [Essentials] Enabling Essentials v2.22.0-dev+75-8e3b24f
[13:53:35] [Server thread/INFO]: [Essentials] Attempting to convert old kits in config.yml to new kits.yml
[13:53:35] [Server thread/INFO]: [Essentials] No kits found to migrate.
[13:53:35] [Server thread/INFO]: [Essentials] Selected Paper Tick Count Provider as the provider for TickCountProvider
[13:53:35] [Server thread/INFO]: [Essentials] Selected 1.20.4+ Damage Event Provider as the provider for DamageEventProvider
[13:53:35] [Server thread/INFO]: [Essentials] Selected Legacy Biome Name Provider as the provider for BiomeNameProvider
[13:53:35] [Server thread/INFO]: [Essentials] Selected 1.17.1+ World Info Provider as the provider for WorldInfoProvider
[13:53:35] [Server thread/INFO]: [Essentials] Selected 1.13+ Spawn Egg Provider as the provider for SpawnEggProvider
[13:53:35] [Server thread/INFO]: [Essentials] Selected Reflection Online Mode Provider as the provider for OnlineModeProvider
[13:53:35] [Server thread/INFO]: [Essentials] Selected 1.12+ Spawner Block Provider as the provider for SpawnerBlockProvider
[13:53:35] [Server thread/INFO]: [Essentials] Selected 1.21+ InventoryView Interface ABI Provider as the provider for InventoryViewProvider
[13:53:35] [Server thread/INFO]: [Essentials] Selected Paper Serialization Provider as the provider for SerializationProvider
[13:53:35] [Server thread/INFO]: [Essentials] Selected 1.20.6+ Potion Meta Provider as the provider for PotionMetaProvider
[13:53:35] [Server thread/INFO]: [Essentials] Selected 1.12.2+ Player Locale Provider as the provider for PlayerLocaleProvider
[13:53:35] [Server thread/INFO]: [Essentials] Selected 1.14.4+ Persistent Data Container Provider as the provider for PersistentDataProvider
[13:53:35] [Server thread/INFO]: [Essentials] Selected 1.14+ Sign Data Provider as the provider for SignDataProvider
[13:53:35] [Server thread/INFO]: [Essentials] Selected Paper 1.13+ Tile Entity Provider as the provider for TileEntityProvider
[13:53:35] [Server thread/INFO]: [Essentials] Selected 1.20.5+ Banner Data Provider as the provider for BannerDataProvider
[13:53:35] [Server thread/INFO]: [Essentials] Selected 1.11+ Item Unbreakable Provider as the provider for ItemUnbreakableProvider
[13:53:35] [Server thread/INFO]: [Essentials] Selected Paper Container Provider as the provider for ContainerProvider
[13:53:35] [Server thread/INFO]: [Essentials] Selected Paper Biome Key Provider as the provider for BiomeKeyProvider
[13:53:35] [Server thread/INFO]: [Essentials] Selected Paper Material Tag Provider as the provider for MaterialTagProvider
[13:53:35] [Server thread/INFO]: [Essentials] Selected Paper Known Commands Provider as the provider for KnownCommandsProvider
[13:53:35] [Server thread/INFO]: [Essentials] Selected Paper Server State Provider as the provider for ServerStateProvider
[13:53:35] [Server thread/INFO]: [Essentials] Selected 1.8.3+ Spawner Item Provider as the provider for SpawnerItemProvider
[13:53:35] [Server thread/INFO]: [Essentials] Selected 1.21.4+ Sync Commands Provider as the provider for SyncCommandsProvider
[13:53:35] [Server thread/INFO]: [Essentials] Selected Reflection Formatted Command Alias Provider as the provider for FormattedCommandAliasProvider
[13:53:35] [Server thread/INFO]: [Essentials] Loaded 46312 items from items.json.
[13:53:35] [Server thread/INFO]: [Essentials] Using locale en_ZA
[13:53:35] [Server thread/INFO]: [Essentials] ServerListPingEvent: Spigot iterator API
[13:53:35] [Server thread/INFO]: [Essentials] Starting Metrics. Opt-out using the global bStats config.
[13:53:35] [Server thread/WARN]: [Essentials] Detected supported permissions plugin LuckPerms without Vault installed.
[13:53:35] [Server thread/WARN]: [Essentials] Features such as chat prefixes/suffixes and group-related functionality will not work until you install Vault.
[13:53:35] [Server thread/INFO]: [Essentials] Using superperms-based permissions.
[13:53:35] [Server thread/INFO]: [voicechat] Enabling voicechat v2.6.14
[13:53:35] [Server thread/INFO]: [voicechat] Initializing compatibility for version 1.21.11-R0.1
[13:53:35] [Server thread/INFO]: [voicechat] Compatibility version 20
[13:53:35] [Server thread/INFO]: [voicechat] Successfully initialized commodore command completion
[13:53:35] [Server thread/INFO]: [HidePlugins] Enabling HidePlugins v2.1
[13:53:35] [Server thread/INFO]: [HidePlugins] [ACF] Enabled Asynchronous Tab Completion Support!
[13:53:36] [Server thread/INFO]: [Geyser-Spigot] Enabling Geyser-Spigot v2.9.5-SNAPSHOT
[13:53:37] [Server thread/INFO]: [EssentialsChat] Enabling EssentialsChat v2.22.0-dev+75-8e3b24f
[13:53:37] [Server thread/INFO]: [EssentialsChat] Starting Metrics. Opt-out using the global bStats config.
[13:53:37] [Server thread/INFO]: [DiscordSRV] Enabling DiscordSRV v1.30.4
[13:53:37] [Server thread/INFO]: [Chunky] Enabling Chunky v1.4.40
[13:53:37] [Server thread/INFO]: [spark] Starting background profiler...
[13:53:37] [Server thread/INFO]: [spark] The async-profiler engine is not supported for your os/arch (windows11/amd64), so the built-in Java engine will be used instead.
[13:53:37] [Server thread/WARN]: [Geyser-Spigot] Unable to set up encryption! This can be caused by your internet connection or the Minecraft api being unreachable. 
java.lang.AssertionError: Unable to fetch discovery data from https://client.discovery.minecraft-services.net/api/v1.0/discovery/MinecraftPE/builds/1.0.0.0
	at Geyser-Spigot.jar//org.cloudburstmc.protocol.bedrock.util.EncryptionUtils.getDiscoveryData(EncryptionUtils.java:115) ~[?:?]
	at Geyser-Spigot.jar//org.cloudburstmc.protocol.bedrock.util.EncryptionUtils.<clinit>(EncryptionUtils.java:61) ~[?:?]
	at Geyser-Spigot.jar//org.geysermc.geyser.GeyserImpl.initialize(GeyserImpl.java:223) ~[?:?]
	at Geyser-Spigot.jar//org.geysermc.geyser.GeyserImpl.start(GeyserImpl.java:741) ~[?:?]
	at Geyser-Spigot.jar//org.geysermc.geyser.platform.spigot.GeyserSpigotPlugin.onGeyserEnable(GeyserSpigotPlugin.java:235) ~[?:?]
	at Geyser-Spigot.jar//org.geysermc.geyser.platform.spigot.GeyserSpigotPlugin$1.onServerLoaded(GeyserSpigotPlugin.java:219) ~[?:?]
	at co.aikar.timings.TimedEventExecutor.execute(TimedEventExecutor.java:80) ~[purpur-api-1.21.11-R0.1-SNAPSHOT.jar:?]
	at org.bukkit.plugin.RegisteredListener.callEvent(RegisteredListener.java:71) ~[purpur-api-1.21.11-R0.1-SNAPSHOT.jar:?]
	at io.papermc.paper.plugin.manager.PaperEventManager.callEvent(PaperEventManager.java:54) ~[purpur-1.21.11.jar:1.21.11-2566-0fbf8d2]
	at io.papermc.paper.plugin.manager.PaperPluginManagerImpl.callEvent(PaperPluginManagerImpl.java:131) ~[purpur-1.21.11.jar:1.21.11-2566-0fbf8d2]
	at org.bukkit.plugin.SimplePluginManager.callEvent(SimplePluginManager.java:628) ~[purpur-api-1.21.11-R0.1-SNAPSHOT.jar:?]
	at net.minecraft.server.MinecraftServer.initPostWorld(MinecraftServer.java:648) ~[purpur-1.21.11.jar:1.21.11-2566-0fbf8d2]
	at net.minecraft.server.dedicated.DedicatedServer.initServer(DedicatedServer.java:408) ~[purpur-1.21.11.jar:1.21.11-2566-0fbf8d2]
	at net.minecraft.server.MinecraftServer.runServer(MinecraftServer.java:1268) ~[purpur-1.21.11.jar:1.21.11-2566-0fbf8d2]
	at net.minecraft.server.MinecraftServer.lambda$spin$2(MinecraftServer.java:392) ~[purpur-1.21.11.jar:1.21.11-2566-0fbf8d2]
	at java.base/java.lang.Thread.run(Thread.java:1474) ~[?:?]
Caused by: java.io.IOException: Failed to fetch discovery data: Bad Gateway
	at Geyser-Spigot.jar//org.cloudburstmc.protocol.bedrock.util.EncryptionUtils.getDiscoveryData(EncryptionUtils.java:107) ~[?:?]
	... 15 more
[13:53:37] [Server thread/INFO]: [Geyser-Spigot] ******************************************
[13:53:37] [Server thread/INFO]: [Geyser-Spigot] 
[13:53:37] [Server thread/INFO]: [Geyser-Spigot] Loading Geyser version 2.9.5-b1109 (git-master-f6b0c78)
[13:53:37] [Server thread/INFO]: [Geyser-Spigot] 
[13:53:37] [Server thread/INFO]: [Geyser-Spigot] ******************************************
[13:53:38] [DiscordSRV - Initialization/INFO]: [DiscordSRV] [JDA] Login Successful!
[13:53:38] [JDA MainWS-ReadThread/INFO]: [DiscordSRV] [JDA] Connected to WebSocket
[13:53:39] [pool-26-thread-1/INFO]: [DiscordSRV] DiscordSRV is up-to-date. (3ac35c15e43cb693f68baf05b72a26ebd4d3d78d)
[13:53:39] [JDA MainWS-ReadThread/INFO]: [DiscordSRV] [JDA] Finished Loading!
[13:53:39] [DiscordSRV - Initialization/INFO]: [DiscordSRV] Console channel ID was invalid, not forwarding console output
[13:53:39] [DiscordSRV - Initialization/INFO]: [DiscordSRV] Enabling Essentials hook
[13:53:39] [DiscordSRV - Initialization/INFO]: [DiscordSRV] Enabling LuckPerms hook
[13:53:39] [GeyserServer-3-1/INFO]: [Geyser-Spigot] Started Geyser on UDP port 19132
[13:53:39] [Server thread/INFO]: [Geyser-Spigot] Done (2,072s)! Run /geyser help for help!
[13:53:39] [Server thread/INFO]: Running delayed init tasks
[13:53:39] [Craft Scheduler Thread - 3 - Essentials/INFO]: [Essentials] Fetching version information...
[13:53:39] [Server thread/INFO]: Done (19.901s)! For help, type "help"
[13:53:39] [Server thread/INFO]: [voicechat] Loading plugins
[13:53:39] [Server thread/INFO]: [voicechat] Loaded 0 plugin(s)
[13:53:39] [Server thread/INFO]: [voicechat] Initializing plugins
[13:53:39] [Server thread/INFO]: [voicechat] Initialized 0 plugin(s)
[13:53:39] [Server thread/WARN]: [voicechat] Running in offline mode - Voice chat encryption is not secure!
[13:53:39] [VoiceChatServerThread/INFO]: [voicechat] Voice chat server started at port 24454
[13:53:40] [DiscordSRV - JDA Callback 0/INFO]: [DiscordSRV] Cleared all pre-existing slash commands in 1/1 guilds (0 cancelled)
[13:54:05] [User Authenticator #0/INFO]: UUID of player InosukeTempest is 3d5aa4f2-8082-3609-835d-4a509234da36
[13:54:05] [Server thread/INFO]: [HorriblePlayerLoginEventHack] You have plugins listening to the PlayerLoginEvent, this will cause re-configuration APIs to be unavailable: [LuckPerms, DiscordSRV]
[13:54:07] [Server thread/INFO]: InosukeTempest joined the game
[13:54:07] [Server thread/INFO]: InosukeTempest[/172.16.3.19:59890] logged in with entity id 1 at ([world]-656.970910529535, 67.53584062504456, 236.75233439573609)
[13:54:44] [User Authenticator #0/INFO]: UUID of player Uglywater69420 is 3202bd16-e4b5-36ad-acf6-26c32f7e7f5a
[13:54:45] [Server thread/INFO]: Uglywater69420 joined the game
[13:54:45] [Server thread/INFO]: Uglywater69420[/172.16.3.233:53210] logged in with entity id 337 at ([world]1087.0779815135627, 64.0, 1255.6281520783741)
[13:59:13] [Server thread/INFO]: InosukeTempest has made the advancement [Best Friends Forever]
